// Jest Snapshot v1, https://goo.gl/fbAQLP

exports[`[Presets] Remix should match snapshots: basic-clear 1`] = `
Array [
  Object {
    "errorCount": 0,
    "fatalErrorCount": 0,
    "filePath": "<PROJECT_ROOT>/src/presets/remix/tests/basic-clear.js",
    "fixableErrorCount": 0,
    "fixableWarningCount": 0,
    "messages": Array [],
    "suppressedMessages": Array [],
    "usedDeprecatedRules": Array [],
    "warningCount": 0,
  },
]
`;
