// Jest Snapshot v1, https://goo.gl/fbAQLP

exports[`[Presets] Prettier should match snapshots: basic-clear 1`] = `
Array [
  Object {
    "errorCount": 0,
    "fatalErrorCount": 0,
    "filePath": "<PROJECT_ROOT>/src/presets/prettier/tests/basic-clear.js",
    "fixableErrorCount": 0,
    "fixableWarningCount": 0,
    "messages": Array [],
    "suppressedMessages": Array [],
    "usedDeprecatedRules": Array [],
    "warningCount": 0,
  },
]
`;

exports[`[Presets] Prettier should match snapshots: basic-warn 1`] = `
Array [
  Object {
    "errorCount": 0,
    "fatalErrorCount": 0,
    "filePath": "<PROJECT_ROOT>/src/presets/prettier/tests/basic-warn.js",
    "fixableErrorCount": 0,
    "fixableWarningCount": 1,
    "messages": Array [
      Object {
        "column": 24,
        "endColumn": 25,
        "endLine": 1,
        "fix": Object {
          "range": Array [
            23,
            24,
          ],
          "text": "
",
        },
        "line": 1,
        "message": "Replace \`;\` with \`‚èé\`",
        "messageId": "replace",
        "nodeType": null,
        "ruleId": "prettier/prettier",
        "severity": 1,
      },
    ],
    "source": "export const meow = 123;",
    "suppressedMessages": Array [],
    "usedDeprecatedRules": Array [],
    "warningCount": 1,
  },
]
`;
